RAM Allocation
Variable                                                          Address   Size
--------------------------------------------------------------------------------
rx_buffer                                                         0x0160     100
Timer                                                             0x01C4      12
text                                                              0x01D0      11
get_phone                                                         0x01DB      13
get_ready                                                         0x01E8       6
buff                                                              0x01EE       3

EEPROM Allocation
Variable                                                          Address   Size
--------------------------------------------------------------------------------
alarm                                                             0x0000       1

Register Allocation
Variable                                                          Register  Size
--------------------------------------------------------------------------------
symb                                                              R5           1
iniflag                                                           R4           1
Numb                                                              R7           1
sim900                                                            R6           1
ATflag                                                            R9           1
push                                                              R8           1
pin                                                               R11          1
state                                                             R2.0      1bit
first                                                             R2.1      1bit
fst                                                               R2.2      1bit
once_open                                                         R2.3      1bit
once_crash                                                        R2.4      1bit
rx_wr_index                                                       R10          1
rx_rd_index                                                       R13          1
rx_counter                                                        R12          1
rx_buffer_overflow                                                R2.5      1bit
